00080000 A DRAM_BST_START
000804e4 T __postreloc_ram_start
000804e4 T start_post_relocate
000804f0 T emmc_load_bld
000804fc t emmc_init_wait_reset_done
0008050e t emmc_init_wait_clock_stable
00080536 t emmc_init_setup_mmc_card
0008056c t emmc_test_poc
00080582 t emmc_test_hs_done
00080596 t emmc_bus_1bit
0008059e t emmc_bus_4bit
000805ae t emmc_bus_8bit
000805bc t emmc_setup_card_done
000805ca t emmc_wait_clk_off
000805d0 t emmc_wait_clock_stable
000805e4 t emmc_switch_partition
000805ee t emmc_boot
00080604 t emmc_boot_wait_dma_done
00080618 t sdmmc_command
0008061e t sdmmc_command_wait_complete
0008062e t emmc_read_sector
00080630 t emmc_read_sector_wait_cmdline_ready
0008063a t emmc_read_sector_wait_data_line_ready
00080658 t emmc_read_sector_wait_cmd_complete
0008066c t emmc_read_sector_wait_transfer_complete
00080680 t emmc_boot_fail
00080684 t RT_SD_CLOCK_CONTROL
000806e4 T __postreloc_ram_end
00090000 A DRAM_TO_BOOT
ffff0000 A BOOT_BST_START
ffff0004 t chipname
ffff000c t version
ffff0010 d dram_delay1_param
ffff0010 d dram_params_table
ffff0014 d dram_cfg_param
ffff0018 d dram_timing1_param
ffff001c d dram_timing2_param
ffff0020 d dram_timing3_param
ffff0024 d por_delay_param
ffff0028 d dram_mode_reg0_param
ffff0028 d modereg_reset_lpddr2_param
ffff002c d dram_mode_reg1_param
ffff0030 d dram_mode_reg2_param
ffff0034 d dram_mode_reg3_param
ffff0034 d reset_delay_lpddr2_param
ffff0038 d dram_self_ref_param
ffff003c d dram_dqs_sync
ffff0040 d dram_pad_term
ffff0044 d dram_zq_calibration
ffff0048 d dram_delay2_param
ffff004c d pll_ddr_ctrl_param
ffff0050 d pll_ddr_ctrl2_param
ffff0054 d pll_ddr_ctrl3_param
ffff0058 d dram_dll0_param
ffff005c d dram_dll1_param
ffff0060 d dram_dll2_param
ffff0064 d dram_dll3_param
ffff0068 d dram_ctrl_sel_0_param
ffff006c d dram_ctrl_sel_1_param
ffff0070 d dram_ctrl_sel_2_param
ffff0074 d dram_ctrl_sel_3_param
ffff0078 d dram_ctrl_sel_misc_param
ffff007c d dram_byte_map
ffff0080 d dram_dqs_sync_prertt
ffff0084 d dram_zq_calibration_prertt
ffff0088 d dram_delay3_param
ffff008c d dram_rsvd_space
ffff0090 d pll_program_delay
ffff0094 d dll_program_delay
ffff0098 d cg_ddr_init_param
ffff009c d cg_ddr_normal_param
ffff00a0 d dll_reset_delay
ffff00a4 D amboot_bld_ram_start
ffff00a8 D amboot_bld_media_start
ffff00ac D amboot_bld_media_size
ffff00b0 D nand_flash_timing0
ffff00b4 D nand_flash_timing1
ffff00b8 D nand_flash_timing2
ffff00bc D nand_flash_timing3
ffff00c0 D nand_flash_timing4
ffff00c4 D nand_flash_timing5
ffff00c8 D pll_core_ctrl_param
ffff00cc D pll_idsp_ctrl_param
ffff00d0 D pll_cortex_ctrl_param
ffff00d4 D pll_cortex_frac_param
ffff00d8 D scaler_misc
ffff00dc D mcu_notify_gpio
ffff00e0 D emmc_boot_param
ffff00e4 d end_dram_table
ffff00e4 T memsetup
ffff00e4 D __table_end
ffff00ea t self_refresh_check
ffff0122 t disconnect_dram_reset
ffff013c t set_rct_pll
ffff013c t sr_check_exit
ffff0192 t setup_dram_dll
ffff0234 t issue_zqcl_cmd
ffff026a t set_dram_mode
ffff0276 t set_init_ctl
ffff02c8 T rct_delay_proc
ffff02ce t rct_timer_read
ffff02d6 T loop_delay_proc
ffff02de T rct_pll_set_value
ffff0310 T start
ffff03cc t relocate
ffff03dc t relocate_2ndstage
ffff03f8 t dram_arbiter_cfg
ffff0458 t copy_loop
ffff04ac T self_refresh_jump
ffff04dc t sr_jump_exit
ffff04e4 A __postreloc_start
ffff06e4 A __postreloc_end
